<?xml version="1.0" encoding="utf-8"?>
<TestRun id="a173122f-452f-40e2-832c-72570f3e15c1" name="@runnervmlun5p 2026-09-18 22:52:14" xmlns="http://microsoft.com/schemas/VisualStudio/TeamTest/2010">
  <Times creation="2026-09-18T22:52:14.7399007+00:00" queuing="2026-09-18T22:52:14.7399008+00:00" start="2026-09-18T22:52:14.1192289+00:00" finish="2026-09-18T22:52:15.6384256+00:00" />
  <TestSettings name="default" id="37a8068f-eaa5-40ee-9882-6d860b1d4313">
    <Deployment runDeploymentRoot="_runnervmlun5p_2026-09-18_22_52_14" />
  </TestSettings>
  <Results>
    <UnitTestResult executionId="d7b5ac63-fdf8-48b0-ae93-6ebb48fd7c79" testId="77434d12-60cd-86b7-7b57-43b61947e2db" testName="CDC.Web.Tests.Features.Landing.LandingControllerTests.Error_ReturnsViewWithRequestId" computerName="runnervmlun5p" duration="00:00:00.0031798" startTime="2026-09-18T22:52:14.6701619+00:00" endTime="2026-09-18T22:52:14.6733429+00:00" testType="13cdc9d9-ddb5-4fa4-a97d-d965ccfc6d4b" outcome="Passed" testListId="8c84fa94-04c1-424b-9868-57a2d4851a1d" relativeResultsDirectory="d7b5ac63-fdf8-48b0-ae93-6ebb48fd7c79" />
    <UnitTestResult executionId="3cfe86a5-9790-45a2-b4b2-e0587a15c513" testId="ebada91d-17e5-fe78-8007-b1845892f400" testName="CDC.Web.Tests.Integration.LandingPageSmokeTests.LandingRoutes_ReturnSuccess(url: &quot;/Reports/DiseaseRanking&quot;)" computerName="runnervmlun5p" duration="00:00:00.5265112" startTime="2026-09-18T22:52:14.6420570+00:00" endTime="2026-09-18T22:52:15.1565559+00:00" testType="13cdc9d9-ddb5-4fa4-a97d-d965ccfc6d4b" outcome="Passed" testListId="8c84fa94-04c1-424b-9868-57a2d4851a1d" relativeResultsDirectory="3cfe86a5-9790-45a2-b4b2-e0587a15c513" />
    <UnitTestResult executionId="73bc1103-008a-4585-8b3f-b34cb48145f1" testId="963ea730-df29-f0b2-5e85-d45655200f03" testName="CDC.Web.Tests.Integration.LandingPageSmokeTests.LandingRoutes_ReturnSuccess(url: &quot;/HelpSupport/HelpUsingD2R2&quot;)" computerName="runnervmlun5p" duration="00:00:00.0188108" startTime="2026-09-18T22:52:15.4120854+00:00" endTime="2026-09-18T22:52:15.4302183+00:00" testType="13cdc9d9-ddb5-4fa4-a97d-d965ccfc6d4b" outcome="Passed" testListId="8c84fa94-04c1-424b-9868-57a2d4851a1d" relativeResultsDirectory="73bc1103-008a-4585-8b3f-b34cb48145f1" />
    <UnitTestResult executionId="fd80354f-85a7-44cb-8e62-4b9eca8ccca8" testId="992fd9ae-6042-0338-c379-0de6eaf25f19" testName="CDC.Web.Tests.Integration.HealthEndpointsTests.HealthReady_ReturnsNotFound_WhenKeyMissing" computerName="runnervmlun5p" duration="00:00:00.3947393" startTime="2026-09-18T22:52:14.6603481+00:00" endTime="2026-09-18T22:52:15.0590018+00:00" testType="13cdc9d9-ddb5-4fa4-a97d-d965ccfc6d4b" outcome="Passed" testListId="8c84fa94-04c1-424b-9868-57a2d4851a1d" relativeResultsDirectory="fd80354f-85a7-44cb-8e62-4b9eca8ccca8" />
    <UnitTestResult executionId="73f8078b-510a-4269-b082-cb769d86364c" testId="f07f58a9-73d1-fff7-6220-e267a1d454db" testName="CDC.Web.Tests.Integration.LandingPageSmokeTests.LandingRoutes_ReturnSuccess(url: &quot;/CrossProfileAdmin/CrossCuttingIssueScores&quot;)" computerName="runnervmlun5p" duration="00:00:00.0168987" startTime="2026-09-18T22:52:15.4484451+00:00" endTime="2026-09-18T22:52:15.4648694+00:00" testType="13cdc9d9-ddb5-4fa4-a97d-d965ccfc6d4b" outcome="Passed" testListId="8c84fa94-04c1-424b-9868-57a2d4851a1d" relativeResultsDirectory="73f8078b-510a-4269-b082-cb769d86364c" />
    <UnitTestResult executionId="c86e7fa0-e813-48e1-b153-02843c77bfad" testId="9b98a749-5440-9068-ce07-050fe4b0d5f6" testName="CDC.Web.Tests.Integration.LandingPageSmokeTests.LandingRoutes_ReturnSuccess(url: &quot;/DiseaseProfiles/ReviewTimings&quot;)" computerName="runnervmlun5p" duration="00:00:00.0251803" startTime="2026-09-18T22:52:15.1568130+00:00" endTime="2026-09-18T22:52:15.1824596+00:00" testType="13cdc9d9-ddb5-4fa4-a97d-d965ccfc6d4b" outcome="Passed" testListId="8c84fa94-04c1-424b-9868-57a2d4851a1d" relativeResultsDirectory="c86e7fa0-e813-48e1-b153-02843c77bfad" />
    <UnitTestResult executionId="c21704ce-5586-4634-be73-a061f5cd295a" testId="1b9251a8-b907-e4a7-0835-41b9401f7bea" testName="CDC.Web.Tests.Features.Landing.LandingControllerTests.External_ReturnsView" computerName="runnervmlun5p" duration="00:00:00.0081653" startTime="2026-09-18T22:52:14.6600979+00:00" endTime="2026-09-18T22:52:14.6662450+00:00" testType="13cdc9d9-ddb5-4fa4-a97d-d965ccfc6d4b" outcome="Passed" testListId="8c84fa94-04c1-424b-9868-57a2d4851a1d" relativeResultsDirectory="c21704ce-5586-4634-be73-a061f5cd295a" />
    <UnitTestResult executionId="cfc26cab-7cec-4055-8817-74268e106ad8" testId="33080e78-3a65-4eed-a0f0-f8cb7f26f541" testName="CDC.Web.Tests.Integration.LandingPageSmokeTests.LandingRoutes_ReturnSuccess(url: &quot;/DiseaseProfiles/Search&quot;)" computerName="runnervmlun5p" duration="00:00:00.0193562" startTime="2026-09-18T22:52:15.1826951+00:00" endTime="2026-09-18T22:52:15.2024906+00:00" testType="13cdc9d9-ddb5-4fa4-a97d-d965ccfc6d4b" outcome="Passed" testListId="8c84fa94-04c1-424b-9868-57a2d4851a1d" relativeResultsDirectory="cfc26cab-7cec-4055-8817-74268e106ad8" />
    <UnitTestResult executionId="0ec18890-faaf-4b77-95af-e18ac5dac0ec" testId="24a50f14-9fc3-f87f-b5d7-c9df6d0c35b9" testName="CDC.Web.Tests.Integration.LandingPageSmokeTests.LandingRoutes_ReturnSuccess(url: &quot;/CrossProfileAdmin/ReferenceData&quot;)" computerName="runnervmlun5p" duration="00:00:00.0184159" startTime="2026-09-18T22:52:15.3396005+00:00" endTime="2026-09-18T22:52:15.3584562+00:00" testType="13cdc9d9-ddb5-4fa4-a97d-d965ccfc6d4b" outcome="Passed" testListId="8c84fa94-04c1-424b-9868-57a2d4851a1d" relativeResultsDirectory="0ec18890-faaf-4b77-95af-e18ac5dac0ec" />
    <UnitTestResult executionId="36b1350e-61d6-4732-ad0f-4cfaa921fbba" testId="2e31aa4f-3ad9-6e74-ed5f-fc0394bbd175" testName="CDC.Web.Tests.Integration.LandingPageSmokeTests.LandingRoutes_ReturnSuccess(url: &quot;/UserAdmin/ExternalUsers&quot;)" computerName="runnervmlun5p" duration="00:00:00.0166690" startTime="2026-09-18T22:52:15.4651072+00:00" endTime="2026-09-18T22:52:15.4821524+00:00" testType="13cdc9d9-ddb5-4fa4-a97d-d965ccfc6d4b" outcome="Passed" testListId="8c84fa94-04c1-424b-9868-57a2d4851a1d" relativeResultsDirectory="36b1350e-61d6-4732-ad0f-4cfaa921fbba" />
    <UnitTestResult executionId="8e37d270-9861-4e3e-b117-1d30e9c320f7" testId="8989d862-ce63-94da-623e-a9108b92ea52" testName="CDC.Web.Tests.Integration.LandingPageSmokeTests.LandingRoutes_ReturnSuccess(url: &quot;/DiseaseProfiles/CompareVersions&quot;)" computerName="runnervmlun5p" duration="00:00:00.0172584" startTime="2026-09-18T22:52:15.3585852+00:00" endTime="2026-09-18T22:52:15.3759385+00:00" testType="13cdc9d9-ddb5-4fa4-a97d-d965ccfc6d4b" outcome="Passed" testListId="8c84fa94-04c1-424b-9868-57a2d4851a1d" relativeResultsDirectory="8e37d270-9861-4e3e-b117-1d30e9c320f7" />
    <UnitTestResult executionId="b4d3ad6a-5f23-46d6-b5b4-18b0e97c99d5" testId="fded4754-915f-de6a-a743-50651adb4fff" testName="CDC.Web.Tests.Features.Landing.LandingControllerTests.Index_ReturnsView" computerName="runnervmlun5p" duration="00:00:00.0012761" startTime="2026-09-18T22:52:14.7113816+00:00" endTime="2026-09-18T22:52:14.7114704+00:00" testType="13cdc9d9-ddb5-4fa4-a97d-d965ccfc6d4b" outcome="Passed" testListId="8c84fa94-04c1-424b-9868-57a2d4851a1d" relativeResultsDirectory="b4d3ad6a-5f23-46d6-b5b4-18b0e97c99d5" />
    <UnitTestResult executionId="37c1f7d4-ad02-499b-92ca-0da82375b7fa" testId="4ede66a9-6ab1-ced2-4f71-96c1d53023e5" testName="CDC.Web.Tests.Integration.LandingPageSmokeTests.LandingRoutes_ReturnSuccess(url: &quot;/Landing/External&quot;)" computerName="runnervmlun5p" duration="00:00:00.0543085" startTime="2026-09-18T22:52:15.2027230+00:00" endTime="2026-09-18T22:52:15.2574559+00:00" testType="13cdc9d9-ddb5-4fa4-a97d-d965ccfc6d4b" outcome="Passed" testListId="8c84fa94-04c1-424b-9868-57a2d4851a1d" relativeResultsDirectory="37c1f7d4-ad02-499b-92ca-0da82375b7fa" />
    <UnitTestResult executionId="79b9ddad-8f5f-468f-b492-8500cbefa2ec" testId="495f2ed3-c34d-135d-1574-8b3b9223af2a" testName="CDC.Web.Tests.Integration.LandingPageSmokeTests.LandingRoutes_ReturnSuccess(url: &quot;/HelpSupport/QualityStatement&quot;)" computerName="runnervmlun5p" duration="00:00:00.0162658" startTime="2026-09-18T22:52:15.2751991+00:00" endTime="2026-09-18T22:52:15.2918795+00:00" testType="13cdc9d9-ddb5-4fa4-a97d-d965ccfc6d4b" outcome="Passed" testListId="8c84fa94-04c1-424b-9868-57a2d4851a1d" relativeResultsDirectory="79b9ddad-8f5f-468f-b492-8500cbefa2ec" />
    <UnitTestResult executionId="e99e55f3-0359-4a2c-8a2f-f3d27fd704ae" testId="28194c24-321e-3a22-e1bf-e3cee8dca507" testName="CDC.Web.Tests.Features.Landing.LandingControllerTests.ApiStatus_ReturnsJsonFromApiClient" computerName="runnervmlun5p" duration="00:00:00.0031769" startTime="2026-09-18T22:52:14.6666056+00:00" endTime="2026-09-18T22:52:14.6699667+00:00" testType="13cdc9d9-ddb5-4fa4-a97d-d965ccfc6d4b" outcome="Passed" testListId="8c84fa94-04c1-424b-9868-57a2d4851a1d" relativeResultsDirectory="e99e55f3-0359-4a2c-8a2f-f3d27fd704ae" />
    <UnitTestResult executionId="a840cb65-6721-48a9-abc7-1204d6ab6388" testId="b303f2c8-cfa8-d64f-453d-809eb182bc14" testName="CDC.Web.Tests.Integration.LandingPageSmokeTests.LandingRoutes_ReturnSuccess(url: &quot;/SpeciesData/View&quot;)" computerName="runnervmlun5p" duration="00:00:00.0172313" startTime="2026-09-18T22:52:15.3037232+00:00" endTime="2026-09-18T22:52:15.3213661+00:00" testType="13cdc9d9-ddb5-4fa4-a97d-d965ccfc6d4b" outcome="Passed" testListId="8c84fa94-04c1-424b-9868-57a2d4851a1d" relativeResultsDirectory="a840cb65-6721-48a9-abc7-1204d6ab6388" />
    <UnitTestResult executionId="fbccb395-e17f-41b3-be85-68eb58fc7f25" testId="e3099151-d4bd-cbc2-742d-21660672eca3" testName="CDC.Web.Tests.Integration.LandingPageSmokeTests.LandingRoutes_ReturnSuccess(url: &quot;/SpeciesData/Maintain&quot;)" computerName="runnervmlun5p" duration="00:00:00.0173620" startTime="2026-09-18T22:52:15.3934819+00:00" endTime="2026-09-18T22:52:15.4110415+00:00" testType="13cdc9d9-ddb5-4fa4-a97d-d965ccfc6d4b" outcome="Passed" testListId="8c84fa94-04c1-424b-9868-57a2d4851a1d" relativeResultsDirectory="fbccb395-e17f-41b3-be85-68eb58fc7f25" />
    <UnitTestResult executionId="b327d644-5cdc-4399-b6d1-801f8eb4e126" testId="e8a59e3e-c5d8-2f5a-84fd-709e5e5562b6" testName="CDC.Web.Tests.Integration.HealthEndpointsTests.Health_ReturnsHealthyStatus" computerName="runnervmlun5p" duration="00:00:00.0227617" startTime="2026-09-18T22:52:15.0759219+00:00" endTime="2026-09-18T22:52:15.0993292+00:00" testType="13cdc9d9-ddb5-4fa4-a97d-d965ccfc6d4b" outcome="Passed" testListId="8c84fa94-04c1-424b-9868-57a2d4851a1d" relativeResultsDirectory="b327d644-5cdc-4399-b6d1-801f8eb4e126" />
    <UnitTestResult executionId="3ef0d7b4-fffb-4a07-8c58-f890ca8a200d" testId="22409a92-efc4-9667-85b3-d9d5e3d870f6" testName="CDC.Web.Tests.Integration.LandingPageSmokeTests.LandingRoutes_ReturnSuccess(url: &quot;/DiseaseProfiles/Create&quot;)" computerName="runnervmlun5p" duration="00:00:00.0170159" startTime="2026-09-18T22:52:15.3760714+00:00" endTime="2026-09-18T22:52:15.3933521+00:00" testType="13cdc9d9-ddb5-4fa4-a97d-d965ccfc6d4b" outcome="Passed" testListId="8c84fa94-04c1-424b-9868-57a2d4851a1d" relativeResultsDirectory="3ef0d7b4-fffb-4a07-8c58-f890ca8a200d" />
    <UnitTestResult executionId="84d6822e-b572-42c9-8dc5-261f5f6c7aef" testId="0eeda465-7b4d-671a-2744-fe2618cf8b22" testName="CDC.Web.Tests.Integration.LandingPageSmokeTests.LandingRoutes_ReturnSuccess(url: &quot;/&quot;)" computerName="runnervmlun5p" duration="00:00:00.0110157" startTime="2026-09-18T22:52:15.2920876+00:00" endTime="2026-09-18T22:52:15.3035103+00:00" testType="13cdc9d9-ddb5-4fa4-a97d-d965ccfc6d4b" outcome="Passed" testListId="8c84fa94-04c1-424b-9868-57a2d4851a1d" relativeResultsDirectory="84d6822e-b572-42c9-8dc5-261f5f6c7aef" />
    <UnitTestResult executionId="046c395a-910b-4e68-a10b-2c245dbace34" testId="d7834679-6d63-cbe9-649f-1e02c13d28b4" testName="CDC.Web.Tests.Integration.LandingPageSmokeTests.LandingRoutes_ReturnSuccess(url: &quot;/UserAdmin/GlobalUsers&quot;)" computerName="runnervmlun5p" duration="00:00:00.0172244" startTime="2026-09-18T22:52:15.2624281+00:00" endTime="2026-09-18T22:52:15.2749835+00:00" testType="13cdc9d9-ddb5-4fa4-a97d-d965ccfc6d4b" outcome="Passed" testListId="8c84fa94-04c1-424b-9868-57a2d4851a1d" relativeResultsDirectory="046c395a-910b-4e68-a10b-2c245dbace34" />
    <UnitTestResult executionId="7cb63138-9e34-42e3-850e-9e7188c5a300" testId="5b640634-334f-4a80-a26b-0b2c97cbd690" testName="CDC.Web.Tests.Integration.LandingPageSmokeTests.LandingRoutes_ReturnSuccess(url: &quot;/Reports/QuestionsGuidance&quot;)" computerName="runnervmlun5p" duration="00:00:00.0169764" startTime="2026-09-18T22:52:15.4823127+00:00" endTime="2026-09-18T22:52:15.5001599+00:00" testType="13cdc9d9-ddb5-4fa4-a97d-d965ccfc6d4b" outcome="Passed" testListId="8c84fa94-04c1-424b-9868-57a2d4851a1d" relativeResultsDirectory="7cb63138-9e34-42e3-850e-9e7188c5a300" />
    <UnitTestResult executionId="91fe4893-4e68-45d3-98be-bb6cb5be79fb" testId="686ba57f-14e1-2bf6-261f-e9c1f463dbd6" testName="CDC.Web.Tests.Features.Health.ApiConnectivityHealthCheckTests.CheckHealthAsync_ReturnsHealthy_WhenApiReportsHealthy" computerName="runnervmlun5p" duration="00:00:00.0085317" startTime="2026-09-18T22:52:14.6019199+00:00" endTime="2026-09-18T22:52:14.6171690+00:00" testType="13cdc9d9-ddb5-4fa4-a97d-d965ccfc6d4b" outcome="Passed" testListId="8c84fa94-04c1-424b-9868-57a2d4851a1d" relativeResultsDirectory="91fe4893-4e68-45d3-98be-bb6cb5be79fb" />
    <UnitTestResult executionId="3de24d70-0fbf-49c1-8bcf-6919046de233" testId="d4f727ec-bdea-40ab-3120-614109ea9ad7" testName="CDC.Web.Tests.Integration.LandingPageSmokeTests.LandingRoutes_ReturnSuccess(url: &quot;/ViewSpeciesData&quot;)" computerName="runnervmlun5p" duration="00:00:00.0374223" startTime="2026-09-18T22:52:15.5128513+00:00" endTime="2026-09-18T22:52:15.5507003+00:00" testType="13cdc9d9-ddb5-4fa4-a97d-d965ccfc6d4b" outcome="Passed" testListId="8c84fa94-04c1-424b-9868-57a2d4851a1d" relativeResultsDirectory="3de24d70-0fbf-49c1-8bcf-6919046de233" />
    <UnitTestResult executionId="9cdaaa29-c562-42b6-a844-0bbded5036ca" testId="f5684538-2fc2-a941-9abb-341f82687afb" testName="CDC.Web.Tests.Integration.LandingPageSmokeTests.LandingRoutes_ReturnSuccess(url: &quot;/Reports/General&quot;)" computerName="runnervmlun5p" duration="00:00:00.0173403" startTime="2026-09-18T22:52:15.4303944+00:00" endTime="2026-09-18T22:52:15.4483452+00:00" testType="13cdc9d9-ddb5-4fa4-a97d-d965ccfc6d4b" outcome="Passed" testListId="8c84fa94-04c1-424b-9868-57a2d4851a1d" relativeResultsDirectory="9cdaaa29-c562-42b6-a844-0bbded5036ca" />
    <UnitTestResult executionId="a5216e08-772e-4de2-a08e-434b0abff9af" testId="4cc52402-232d-7340-9327-f2a9fc69a408" testName="CDC.Web.Tests.Features.Health.ApiConnectivityHealthCheckTests.CheckHealthAsync_ReturnsDegraded_WhenApiReportsNonHealthyStatus" computerName="runnervmlun5p" duration="00:00:00.0005161" startTime="2026-09-18T22:52:14.6398332+00:00" endTime="2026-09-18T22:52:14.6399140+00:00" testType="13cdc9d9-ddb5-4fa4-a97d-d965ccfc6d4b" outcome="Passed" testListId="8c84fa94-04c1-424b-9868-57a2d4851a1d" relativeResultsDirectory="a5216e08-772e-4de2-a08e-434b0abff9af" />
    <UnitTestResult executionId="b29a0220-597b-417e-a10a-548c130129b8" testId="6f006be2-a10b-9d0d-baf8-5bf50917007a" testName="CDC.Web.Tests.Integration.LandingPageSmokeTests.LandingRoutes_ReturnSuccess(url: &quot;/Landing/Internal&quot;)" computerName="runnervmlun5p" duration="00:00:00.0127408" startTime="2026-09-18T22:52:15.5003217+00:00" endTime="2026-09-18T22:52:15.5126152+00:00" testType="13cdc9d9-ddb5-4fa4-a97d-d965ccfc6d4b" outcome="Passed" testListId="8c84fa94-04c1-424b-9868-57a2d4851a1d" relativeResultsDirectory="b29a0220-597b-417e-a10a-548c130129b8" />
    <UnitTestResult executionId="b86efddb-90b8-4507-96bf-2157bb41941a" testId="87cae8be-a371-c26e-e6b5-6eea2cb15ba7" testName="CDC.Web.Tests.Integration.LandingPageSmokeTests.LandingRoutes_ReturnSuccess(url: &quot;/CrossProfileAdmin/PrioritisationVariables&quot;)" computerName="runnervmlun5p" duration="00:00:00.0174670" startTime="2026-09-18T22:52:15.3216085+00:00" endTime="2026-09-18T22:52:15.3394739+00:00" testType="13cdc9d9-ddb5-4fa4-a97d-d965ccfc6d4b" outcome="Passed" testListId="8c84fa94-04c1-424b-9868-57a2d4851a1d" relativeResultsDirectory="b86efddb-90b8-4507-96bf-2157bb41941a" />
    <UnitTestResult executionId="8a236c5f-3aae-45de-9944-47634fcda981" testId="98bfd9ae-6e37-fef2-5c7b-910be583f056" testName="CDC.Web.Tests.Features.Health.ApiConnectivityHealthCheckTests.CheckHealthAsync_ReturnsDegraded_WhenApiIsUnreachable" computerName="runnervmlun5p" duration="00:00:00.0052081" startTime="2026-09-18T22:52:14.6406054+00:00" endTime="2026-09-18T22:52:14.6406625+00:00" testType="13cdc9d9-ddb5-4fa4-a97d-d965ccfc6d4b" outcome="Passed" testListId="8c84fa94-04c1-424b-9868-57a2d4851a1d" relativeResultsDirectory="8a236c5f-3aae-45de-9944-47634fcda981" />
    <UnitTestResult executionId="6e5dbc15-5b59-4bad-9333-939b5e0b8f77" testId="912e1e73-edf9-028c-368b-400f9dc301fd" testName="CDC.Web.Tests.Features.Health.HealthCheckResponseWriterTests.WriteResponse_WritesJsonWithStatusAndCheckDetails" computerName="runnervmlun5p" duration="00:00:00.0523648" startTime="2026-09-18T22:52:14.6003500+00:00" endTime="2026-09-18T22:52:14.6597957+00:00" testType="13cdc9d9-ddb5-4fa4-a97d-d965ccfc6d4b" outcome="Passed" testListId="8c84fa94-04c1-424b-9868-57a2d4851a1d" relativeResultsDirectory="6e5dbc15-5b59-4bad-9333-939b5e0b8f77" />
    <UnitTestResult executionId="56f4181c-507b-4b8e-a1e1-3b79bfc3e089" testId="1e4700af-8d7a-7b61-29b2-9608673675fd" testName="CDC.Web.Tests.Integration.HealthEndpointsTests.HealthReady_ReturnsNotFound_WhenKeyWrong" computerName="runnervmlun5p" duration="00:00:00.0156301" startTime="2026-09-18T22:52:15.0592942+00:00" endTime="2026-09-18T22:52:15.0755607+00:00" testType="13cdc9d9-ddb5-4fa4-a97d-d965ccfc6d4b" outcome="Passed" testListId="8c84fa94-04c1-424b-9868-57a2d4851a1d" relativeResultsDirectory="56f4181c-507b-4b8e-a1e1-3b79bfc3e089" />
    <UnitTestResult executionId="8e2c1101-ef01-4f11-8296-9da3e959d306" testId="dfcbcad6-8774-d8ec-a5cb-a874819cb19f" testName="CDC.Web.Tests.Features.Landing.LandingControllerTests.Internal_ReturnsView" computerName="runnervmlun5p" duration="00:00:00.0001499" startTime="2026-09-18T22:52:14.7119025+00:00" endTime="2026-09-18T22:52:14.7119693+00:00" testType="13cdc9d9-ddb5-4fa4-a97d-d965ccfc6d4b" outcome="Passed" testListId="8c84fa94-04c1-424b-9868-57a2d4851a1d" relativeResultsDirectory="8e2c1101-ef01-4f11-8296-9da3e959d306" />
  </Results>
  <TestDefinitions>
    <UnitTest name="CDC.Web.Tests.Features.Landing.LandingControllerTests.Error_ReturnsViewWithRequestId" storage="/home/runner/work/apha-cdc-apps/apha-cdc-apps/tests/cdc.web.tests/bin/release/net10.0/cdc.web.tests.dll" id="77434d12-60cd-86b7-7b57-43b61947e2db">
      <Execution id="d7b5ac63-fdf8-48b0-ae93-6ebb48fd7c79" />
      <TestMethod codeBase="/home/runner/work/apha-cdc-apps/apha-cdc-apps/tests/CDC.Web.Tests/bin/Release/net10.0/CDC.Web.Tests.dll" adapterTypeName="executor://xunit/VsTestRunner3/netcore/" className="CDC.Web.Tests.Features.Landing.LandingControllerTests" name="Error_ReturnsViewWithRequestId" />
    </UnitTest>
    <UnitTest name="CDC.Web.Tests.Integration.LandingPageSmokeTests.LandingRoutes_ReturnSuccess(url: &quot;/HelpSupport/QualityStatement&quot;)" storage="/home/runner/work/apha-cdc-apps/apha-cdc-apps/tests/cdc.web.tests/bin/release/net10.0/cdc.web.tests.dll" id="495f2ed3-c34d-135d-1574-8b3b9223af2a">
      <Execution id="79b9ddad-8f5f-468f-b492-8500cbefa2ec" />
      <TestMethod codeBase="/home/runner/work/apha-cdc-apps/apha-cdc-apps/tests/CDC.Web.Tests/bin/Release/net10.0/CDC.Web.Tests.dll" adapterTypeName="executor://xunit/VsTestRunner3/netcore/" className="CDC.Web.Tests.Integration.LandingPageSmokeTests" name="LandingRoutes_ReturnSuccess" />
    </UnitTest>
    <UnitTest name="CDC.Web.Tests.Integration.LandingPageSmokeTests.LandingRoutes_ReturnSuccess(url: &quot;/DiseaseProfiles/Search&quot;)" storage="/home/runner/work/apha-cdc-apps/apha-cdc-apps/tests/cdc.web.tests/bin/release/net10.0/cdc.web.tests.dll" id="33080e78-3a65-4eed-a0f0-f8cb7f26f541">
      <Execution id="cfc26cab-7cec-4055-8817-74268e106ad8" />
      <TestMethod codeBase="/home/runner/work/apha-cdc-apps/apha-cdc-apps/tests/CDC.Web.Tests/bin/Release/net10.0/CDC.Web.Tests.dll" adapterTypeName="executor://xunit/VsTestRunner3/netcore/" className="CDC.Web.Tests.Integration.LandingPageSmokeTests" name="LandingRoutes_ReturnSuccess" />
    </UnitTest>
    <UnitTest name="CDC.Web.Tests.Features.Health.ApiConnectivityHealthCheckTests.CheckHealthAsync_ReturnsDegraded_WhenApiIsUnreachable" storage="/home/runner/work/apha-cdc-apps/apha-cdc-apps/tests/cdc.web.tests/bin/release/net10.0/cdc.web.tests.dll" id="98bfd9ae-6e37-fef2-5c7b-910be583f056">
      <Execution id="8a236c5f-3aae-45de-9944-47634fcda981" />
      <TestMethod codeBase="/home/runner/work/apha-cdc-apps/apha-cdc-apps/tests/CDC.Web.Tests/bin/Release/net10.0/CDC.Web.Tests.dll" adapterTypeName="executor://xunit/VsTestRunner3/netcore/" className="CDC.Web.Tests.Features.Health.ApiConnectivityHealthCheckTests" name="CheckHealthAsync_ReturnsDegraded_WhenApiIsUnreachable" />
    </UnitTest>
    <UnitTest name="CDC.Web.Tests.Integration.LandingPageSmokeTests.LandingRoutes_ReturnSuccess(url: &quot;/Landing/Internal&quot;)" storage="/home/runner/work/apha-cdc-apps/apha-cdc-apps/tests/cdc.web.tests/bin/release/net10.0/cdc.web.tests.dll" id="6f006be2-a10b-9d0d-baf8-5bf50917007a">
      <Execution id="b29a0220-597b-417e-a10a-548c130129b8" />
      <TestMethod codeBase="/home/runner/work/apha-cdc-apps/apha-cdc-apps/tests/CDC.Web.Tests/bin/Release/net10.0/CDC.Web.Tests.dll" adapterTypeName="executor://xunit/VsTestRunner3/netcore/" className="CDC.Web.Tests.Integration.LandingPageSmokeTests" name="LandingRoutes_ReturnSuccess" />
    </UnitTest>
    <UnitTest name="CDC.Web.Tests.Integration.LandingPageSmokeTests.LandingRoutes_ReturnSuccess(url: &quot;/CrossProfileAdmin/PrioritisationVariables&quot;)" storage="/home/runner/work/apha-cdc-apps/apha-cdc-apps/tests/cdc.web.tests/bin/release/net10.0/cdc.web.tests.dll" id="87cae8be-a371-c26e-e6b5-6eea2cb15ba7">
      <Execution id="b86efddb-90b8-4507-96bf-2157bb41941a" />
      <TestMethod codeBase="/home/runner/work/apha-cdc-apps/apha-cdc-apps/tests/CDC.Web.Tests/bin/Release/net10.0/CDC.Web.Tests.dll" adapterTypeName="executor://xunit/VsTestRunner3/netcore/" className="CDC.Web.Tests.Integration.LandingPageSmokeTests" name="LandingRoutes_ReturnSuccess" />
    </UnitTest>
    <UnitTest name="CDC.Web.Tests.Integration.HealthEndpointsTests.Health_ReturnsHealthyStatus" storage="/home/runner/work/apha-cdc-apps/apha-cdc-apps/tests/cdc.web.tests/bin/release/net10.0/cdc.web.tests.dll" id="e8a59e3e-c5d8-2f5a-84fd-709e5e5562b6">
      <Execution id="b327d644-5cdc-4399-b6d1-801f8eb4e126" />
      <TestMethod codeBase="/home/runner/work/apha-cdc-apps/apha-cdc-apps/tests/CDC.Web.Tests/bin/Release/net10.0/CDC.Web.Tests.dll" adapterTypeName="executor://xunit/VsTestRunner3/netcore/" className="CDC.Web.Tests.Integration.HealthEndpointsTests" name="Health_ReturnsHealthyStatus" />
    </UnitTest>
    <UnitTest name="CDC.Web.Tests.Features.Health.HealthCheckResponseWriterTests.WriteResponse_WritesJsonWithStatusAndCheckDetails" storage="/home/runner/work/apha-cdc-apps/apha-cdc-apps/tests/cdc.web.tests/bin/release/net10.0/cdc.web.tests.dll" id="912e1e73-edf9-028c-368b-400f9dc301fd">
      <Execution id="6e5dbc15-5b59-4bad-9333-939b5e0b8f77" />
      <TestMethod codeBase="/home/runner/work/apha-cdc-apps/apha-cdc-apps/tests/CDC.Web.Tests/bin/Release/net10.0/CDC.Web.Tests.dll" adapterTypeName="executor://xunit/VsTestRunner3/netcore/" className="CDC.Web.Tests.Features.Health.HealthCheckResponseWriterTests" name="WriteResponse_WritesJsonWithStatusAndCheckDetails" />
    </UnitTest>
    <UnitTest name="CDC.Web.Tests.Integration.LandingPageSmokeTests.LandingRoutes_ReturnSuccess(url: &quot;/DiseaseProfiles/Create&quot;)" storage="/home/runner/work/apha-cdc-apps/apha-cdc-apps/tests/cdc.web.tests/bin/release/net10.0/cdc.web.tests.dll" id="22409a92-efc4-9667-85b3-d9d5e3d870f6">
      <Execution id="3ef0d7b4-fffb-4a07-8c58-f890ca8a200d" />
      <TestMethod codeBase="/home/runner/work/apha-cdc-apps/apha-cdc-apps/tests/CDC.Web.Tests/bin/Release/net10.0/CDC.Web.Tests.dll" adapterTypeName="executor://xunit/VsTestRunner3/netcore/" className="CDC.Web.Tests.Integration.LandingPageSmokeTests" name="LandingRoutes_ReturnSuccess" />
    </UnitTest>
    <UnitTest name="CDC.Web.Tests.Integration.LandingPageSmokeTests.LandingRoutes_ReturnSuccess(url: &quot;/SpeciesData/View&quot;)" storage="/home/runner/work/apha-cdc-apps/apha-cdc-apps/tests/cdc.web.tests/bin/release/net10.0/cdc.web.tests.dll" id="b303f2c8-cfa8-d64f-453d-809eb182bc14">
      <Execution id="a840cb65-6721-48a9-abc7-1204d6ab6388" />
      <TestMethod codeBase="/home/runner/work/apha-cdc-apps/apha-cdc-apps/tests/CDC.Web.Tests/bin/Release/net10.0/CDC.Web.Tests.dll" adapterTypeName="executor://xunit/VsTestRunner3/netcore/" className="CDC.Web.Tests.Integration.LandingPageSmokeTests" name="LandingRoutes_ReturnSuccess" />
    </UnitTest>
    <UnitTest name="CDC.Web.Tests.Integration.HealthEndpointsTests.HealthReady_ReturnsNotFound_WhenKeyWrong" storage="/home/runner/work/apha-cdc-apps/apha-cdc-apps/tests/cdc.web.tests/bin/release/net10.0/cdc.web.tests.dll" id="1e4700af-8d7a-7b61-29b2-9608673675fd">
      <Execution id="56f4181c-507b-4b8e-a1e1-3b79bfc3e089" />
      <TestMethod codeBase="/home/runner/work/apha-cdc-apps/apha-cdc-apps/tests/CDC.Web.Tests/bin/Release/net10.0/CDC.Web.Tests.dll" adapterTypeName="executor://xunit/VsTestRunner3/netcore/" className="CDC.Web.Tests.Integration.HealthEndpointsTests" name="HealthReady_ReturnsNotFound_WhenKeyWrong" />
    </UnitTest>
    <UnitTest name="CDC.Web.Tests.Integration.LandingPageSmokeTests.LandingRoutes_ReturnSuccess(url: &quot;/ViewSpeciesData&quot;)" storage="/home/runner/work/apha-cdc-apps/apha-cdc-apps/tests/cdc.web.tests/bin/release/net10.0/cdc.web.tests.dll" id="d4f727ec-bdea-40ab-3120-614109ea9ad7">
      <Execution id="3de24d70-0fbf-49c1-8bcf-6919046de233" />
      <TestMethod codeBase="/home/runner/work/apha-cdc-apps/apha-cdc-apps/tests/CDC.Web.Tests/bin/Release/net10.0/CDC.Web.Tests.dll" adapterTypeName="executor://xunit/VsTestRunner3/netcore/" className="CDC.Web.Tests.Integration.LandingPageSmokeTests" name="LandingRoutes_ReturnSuccess" />
    </UnitTest>
    <UnitTest name="CDC.Web.Tests.Integration.HealthEndpointsTests.HealthReady_ReturnsNotFound_WhenKeyMissing" storage="/home/runner/work/apha-cdc-apps/apha-cdc-apps/tests/cdc.web.tests/bin/release/net10.0/cdc.web.tests.dll" id="992fd9ae-6042-0338-c379-0de6eaf25f19">
      <Execution id="fd80354f-85a7-44cb-8e62-4b9eca8ccca8" />
      <TestMethod codeBase="/home/runner/work/apha-cdc-apps/apha-cdc-apps/tests/CDC.Web.Tests/bin/Release/net10.0/CDC.Web.Tests.dll" adapterTypeName="executor://xunit/VsTestRunner3/netcore/" className="CDC.Web.Tests.Integration.HealthEndpointsTests" name="HealthReady_ReturnsNotFound_WhenKeyMissing" />
    </UnitTest>
    <UnitTest name="CDC.Web.Tests.Integration.LandingPageSmokeTests.LandingRoutes_ReturnSuccess(url: &quot;/UserAdmin/GlobalUsers&quot;)" storage="/home/runner/work/apha-cdc-apps/apha-cdc-apps/tests/cdc.web.tests/bin/release/net10.0/cdc.web.tests.dll" id="d7834679-6d63-cbe9-649f-1e02c13d28b4">
      <Execution id="046c395a-910b-4e68-a10b-2c245dbace34" />
      <TestMethod codeBase="/home/runner/work/apha-cdc-apps/apha-cdc-apps/tests/CDC.Web.Tests/bin/Release/net10.0/CDC.Web.Tests.dll" adapterTypeName="executor://xunit/VsTestRunner3/netcore/" className="CDC.Web.Tests.Integration.LandingPageSmokeTests" name="LandingRoutes_ReturnSuccess" />
    </UnitTest>
    <UnitTest name="CDC.Web.Tests.Features.Landing.LandingControllerTests.Internal_ReturnsView" storage="/home/runner/work/apha-cdc-apps/apha-cdc-apps/tests/cdc.web.tests/bin/release/net10.0/cdc.web.tests.dll" id="dfcbcad6-8774-d8ec-a5cb-a874819cb19f">
      <Execution id="8e2c1101-ef01-4f11-8296-9da3e959d306" />
      <TestMethod codeBase="/home/runner/work/apha-cdc-apps/apha-cdc-apps/tests/CDC.Web.Tests/bin/Release/net10.0/CDC.Web.Tests.dll" adapterTypeName="executor://xunit/VsTestRunner3/netcore/" className="CDC.Web.Tests.Features.Landing.LandingControllerTests" name="Internal_ReturnsView" />
    </UnitTest>
    <UnitTest name="CDC.Web.Tests.Integration.LandingPageSmokeTests.LandingRoutes_ReturnSuccess(url: &quot;/CrossProfileAdmin/CrossCuttingIssueScores&quot;)" storage="/home/runner/work/apha-cdc-apps/apha-cdc-apps/tests/cdc.web.tests/bin/release/net10.0/cdc.web.tests.dll" id="f07f58a9-73d1-fff7-6220-e267a1d454db">
      <Execution id="73f8078b-510a-4269-b082-cb769d86364c" />
      <TestMethod codeBase="/home/runner/work/apha-cdc-apps/apha-cdc-apps/tests/CDC.Web.Tests/bin/Release/net10.0/CDC.Web.Tests.dll" adapterTypeName="executor://xunit/VsTestRunner3/netcore/" className="CDC.Web.Tests.Integration.LandingPageSmokeTests" name="LandingRoutes_ReturnSuccess" />
    </UnitTest>
    <UnitTest name="CDC.Web.Tests.Integration.LandingPageSmokeTests.LandingRoutes_ReturnSuccess(url: &quot;/HelpSupport/HelpUsingD2R2&quot;)" storage="/home/runner/work/apha-cdc-apps/apha-cdc-apps/tests/cdc.web.tests/bin/release/net10.0/cdc.web.tests.dll" id="963ea730-df29-f0b2-5e85-d45655200f03">
      <Execution id="73bc1103-008a-4585-8b3f-b34cb48145f1" />
      <TestMethod codeBase="/home/runner/work/apha-cdc-apps/apha-cdc-apps/tests/CDC.Web.Tests/bin/Release/net10.0/CDC.Web.Tests.dll" adapterTypeName="executor://xunit/VsTestRunner3/netcore/" className="CDC.Web.Tests.Integration.LandingPageSmokeTests" name="LandingRoutes_ReturnSuccess" />
    </UnitTest>
    <UnitTest name="CDC.Web.Tests.Features.Landing.LandingControllerTests.Index_ReturnsView" storage="/home/runner/work/apha-cdc-apps/apha-cdc-apps/tests/cdc.web.tests/bin/release/net10.0/cdc.web.tests.dll" id="fded4754-915f-de6a-a743-50651adb4fff">
      <Execution id="b4d3ad6a-5f23-46d6-b5b4-18b0e97c99d5" />
      <TestMethod codeBase="/home/runner/work/apha-cdc-apps/apha-cdc-apps/tests/CDC.Web.Tests/bin/Release/net10.0/CDC.Web.Tests.dll" adapterTypeName="executor://xunit/VsTestRunner3/netcore/" className="CDC.Web.Tests.Features.Landing.LandingControllerTests" name="Index_ReturnsView" />
    </UnitTest>
    <UnitTest name="CDC.Web.Tests.Integration.LandingPageSmokeTests.LandingRoutes_ReturnSuccess(url: &quot;/Landing/External&quot;)" storage="/home/runner/work/apha-cdc-apps/apha-cdc-apps/tests/cdc.web.tests/bin/release/net10.0/cdc.web.tests.dll" id="4ede66a9-6ab1-ced2-4f71-96c1d53023e5">
      <Execution id="37c1f7d4-ad02-499b-92ca-0da82375b7fa" />
      <TestMethod codeBase="/home/runner/work/apha-cdc-apps/apha-cdc-apps/tests/CDC.Web.Tests/bin/Release/net10.0/CDC.Web.Tests.dll" adapterTypeName="executor://xunit/VsTestRunner3/netcore/" className="CDC.Web.Tests.Integration.LandingPageSmokeTests" name="LandingRoutes_ReturnSuccess" />
    </UnitTest>
    <UnitTest name="CDC.Web.Tests.Integration.LandingPageSmokeTests.LandingRoutes_ReturnSuccess(url: &quot;/Reports/DiseaseRanking&quot;)" storage="/home/runner/work/apha-cdc-apps/apha-cdc-apps/tests/cdc.web.tests/bin/release/net10.0/cdc.web.tests.dll" id="ebada91d-17e5-fe78-8007-b1845892f400">
      <Execution id="3cfe86a5-9790-45a2-b4b2-e0587a15c513" />
      <TestMethod codeBase="/home/runner/work/apha-cdc-apps/apha-cdc-apps/tests/CDC.Web.Tests/bin/Release/net10.0/CDC.Web.Tests.dll" adapterTypeName="executor://xunit/VsTestRunner3/netcore/" className="CDC.Web.Tests.Integration.LandingPageSmokeTests" name="LandingRoutes_ReturnSuccess" />
    </UnitTest>
    <UnitTest name="CDC.Web.Tests.Integration.LandingPageSmokeTests.LandingRoutes_ReturnSuccess(url: &quot;/DiseaseProfiles/ReviewTimings&quot;)" storage="/home/runner/work/apha-cdc-apps/apha-cdc-apps/tests/cdc.web.tests/bin/release/net10.0/cdc.web.tests.dll" id="9b98a749-5440-9068-ce07-050fe4b0d5f6">
      <Execution id="c86e7fa0-e813-48e1-b153-02843c77bfad" />
      <TestMethod codeBase="/home/runner/work/apha-cdc-apps/apha-cdc-apps/tests/CDC.Web.Tests/bin/Release/net10.0/CDC.Web.Tests.dll" adapterTypeName="executor://xunit/VsTestRunner3/netcore/" className="CDC.Web.Tests.Integration.LandingPageSmokeTests" name="LandingRoutes_ReturnSuccess" />
    </UnitTest>
    <UnitTest name="CDC.Web.Tests.Features.Landing.LandingControllerTests.ApiStatus_ReturnsJsonFromApiClient" storage="/home/runner/work/apha-cdc-apps/apha-cdc-apps/tests/cdc.web.tests/bin/release/net10.0/cdc.web.tests.dll" id="28194c24-321e-3a22-e1bf-e3cee8dca507">
      <Execution id="e99e55f3-0359-4a2c-8a2f-f3d27fd704ae" />
      <TestMethod codeBase="/home/runner/work/apha-cdc-apps/apha-cdc-apps/tests/CDC.Web.Tests/bin/Release/net10.0/CDC.Web.Tests.dll" adapterTypeName="executor://xunit/VsTestRunner3/netcore/" className="CDC.Web.Tests.Features.Landing.LandingControllerTests" name="ApiStatus_ReturnsJsonFromApiClient" />
    </UnitTest>
    <UnitTest name="CDC.Web.Tests.Integration.LandingPageSmokeTests.LandingRoutes_ReturnSuccess(url: &quot;/Reports/QuestionsGuidance&quot;)" storage="/home/runner/work/apha-cdc-apps/apha-cdc-apps/tests/cdc.web.tests/bin/release/net10.0/cdc.web.tests.dll" id="5b640634-334f-4a80-a26b-0b2c97cbd690">
      <Execution id="7cb63138-9e34-42e3-850e-9e7188c5a300" />
      <TestMethod codeBase="/home/runner/work/apha-cdc-apps/apha-cdc-apps/tests/CDC.Web.Tests/bin/Release/net10.0/CDC.Web.Tests.dll" adapterTypeName="executor://xunit/VsTestRunner3/netcore/" className="CDC.Web.Tests.Integration.LandingPageSmokeTests" name="LandingRoutes_ReturnSuccess" />
    </UnitTest>
    <UnitTest name="CDC.Web.Tests.Features.Landing.LandingControllerTests.External_ReturnsView" storage="/home/runner/work/apha-cdc-apps/apha-cdc-apps/tests/cdc.web.tests/bin/release/net10.0/cdc.web.tests.dll" id="1b9251a8-b907-e4a7-0835-41b9401f7bea">
      <Execution id="c21704ce-5586-4634-be73-a061f5cd295a" />
      <TestMethod codeBase="/home/runner/work/apha-cdc-apps/apha-cdc-apps/tests/CDC.Web.Tests/bin/Release/net10.0/CDC.Web.Tests.dll" adapterTypeName="executor://xunit/VsTestRunner3/netcore/" className="CDC.Web.Tests.Features.Landing.LandingControllerTests" name="External_ReturnsView" />
    </UnitTest>
    <UnitTest name="CDC.Web.Tests.Integration.LandingPageSmokeTests.LandingRoutes_ReturnSuccess(url: &quot;/SpeciesData/Maintain&quot;)" storage="/home/runner/work/apha-cdc-apps/apha-cdc-apps/tests/cdc.web.tests/bin/release/net10.0/cdc.web.tests.dll" id="e3099151-d4bd-cbc2-742d-21660672eca3">
      <Execution id="fbccb395-e17f-41b3-be85-68eb58fc7f25" />
      <TestMethod codeBase="/home/runner/work/apha-cdc-apps/apha-cdc-apps/tests/CDC.Web.Tests/bin/Release/net10.0/CDC.Web.Tests.dll" adapterTypeName="executor://xunit/VsTestRunner3/netcore/" className="CDC.Web.Tests.Integration.LandingPageSmokeTests" name="LandingRoutes_ReturnSuccess" />
    </UnitTest>
    <UnitTest name="CDC.Web.Tests.Features.Health.ApiConnectivityHealthCheckTests.CheckHealthAsync_ReturnsHealthy_WhenApiReportsHealthy" storage="/home/runner/work/apha-cdc-apps/apha-cdc-apps/tests/cdc.web.tests/bin/release/net10.0/cdc.web.tests.dll" id="686ba57f-14e1-2bf6-261f-e9c1f463dbd6">
      <Execution id="91fe4893-4e68-45d3-98be-bb6cb5be79fb" />
      <TestMethod codeBase="/home/runner/work/apha-cdc-apps/apha-cdc-apps/tests/CDC.Web.Tests/bin/Release/net10.0/CDC.Web.Tests.dll" adapterTypeName="executor://xunit/VsTestRunner3/netcore/" className="CDC.Web.Tests.Features.Health.ApiConnectivityHealthCheckTests" name="CheckHealthAsync_ReturnsHealthy_WhenApiReportsHealthy" />
    </UnitTest>
    <UnitTest name="CDC.Web.Tests.Integration.LandingPageSmokeTests.LandingRoutes_ReturnSuccess(url: &quot;/DiseaseProfiles/CompareVersions&quot;)" storage="/home/runner/work/apha-cdc-apps/apha-cdc-apps/tests/cdc.web.tests/bin/release/net10.0/cdc.web.tests.dll" id="8989d862-ce63-94da-623e-a9108b92ea52">
      <Execution id="8e37d270-9861-4e3e-b117-1d30e9c320f7" />
      <TestMethod codeBase="/home/runner/work/apha-cdc-apps/apha-cdc-apps/tests/CDC.Web.Tests/bin/Release/net10.0/CDC.Web.Tests.dll" adapterTypeName="executor://xunit/VsTestRunner3/netcore/" className="CDC.Web.Tests.Integration.LandingPageSmokeTests" name="LandingRoutes_ReturnSuccess" />
    </UnitTest>
    <UnitTest name="CDC.Web.Tests.Integration.LandingPageSmokeTests.LandingRoutes_ReturnSuccess(url: &quot;/CrossProfileAdmin/ReferenceData&quot;)" storage="/home/runner/work/apha-cdc-apps/apha-cdc-apps/tests/cdc.web.tests/bin/release/net10.0/cdc.web.tests.dll" id="24a50f14-9fc3-f87f-b5d7-c9df6d0c35b9">
      <Execution id="0ec18890-faaf-4b77-95af-e18ac5dac0ec" />
      <TestMethod codeBase="/home/runner/work/apha-cdc-apps/apha-cdc-apps/tests/CDC.Web.Tests/bin/Release/net10.0/CDC.Web.Tests.dll" adapterTypeName="executor://xunit/VsTestRunner3/netcore/" className="CDC.Web.Tests.Integration.LandingPageSmokeTests" name="LandingRoutes_ReturnSuccess" />
    </UnitTest>
    <UnitTest name="CDC.Web.Tests.Features.Health.ApiConnectivityHealthCheckTests.CheckHealthAsync_ReturnsDegraded_WhenApiReportsNonHealthyStatus" storage="/home/runner/work/apha-cdc-apps/apha-cdc-apps/tests/cdc.web.tests/bin/release/net10.0/cdc.web.tests.dll" id="4cc52402-232d-7340-9327-f2a9fc69a408">
      <Execution id="a5216e08-772e-4de2-a08e-434b0abff9af" />
      <TestMethod codeBase="/home/runner/work/apha-cdc-apps/apha-cdc-apps/tests/CDC.Web.Tests/bin/Release/net10.0/CDC.Web.Tests.dll" adapterTypeName="executor://xunit/VsTestRunner3/netcore/" className="CDC.Web.Tests.Features.Health.ApiConnectivityHealthCheckTests" name="CheckHealthAsync_ReturnsDegraded_WhenApiReportsNonHealthyStatus" />
    </UnitTest>
    <UnitTest name="CDC.Web.Tests.Integration.LandingPageSmokeTests.LandingRoutes_ReturnSuccess(url: &quot;/Reports/General&quot;)" storage="/home/runner/work/apha-cdc-apps/apha-cdc-apps/tests/cdc.web.tests/bin/release/net10.0/cdc.web.tests.dll" id="f5684538-2fc2-a941-9abb-341f82687afb">
      <Execution id="9cdaaa29-c562-42b6-a844-0bbded5036ca" />
      <TestMethod codeBase="/home/runner/work/apha-cdc-apps/apha-cdc-apps/tests/CDC.Web.Tests/bin/Release/net10.0/CDC.Web.Tests.dll" adapterTypeName="executor://xunit/VsTestRunner3/netcore/" className="CDC.Web.Tests.Integration.LandingPageSmokeTests" name="LandingRoutes_ReturnSuccess" />
    </UnitTest>
    <UnitTest name="CDC.Web.Tests.Integration.LandingPageSmokeTests.LandingRoutes_ReturnSuccess(url: &quot;/&quot;)" storage="/home/runner/work/apha-cdc-apps/apha-cdc-apps/tests/cdc.web.tests/bin/release/net10.0/cdc.web.tests.dll" id="0eeda465-7b4d-671a-2744-fe2618cf8b22">
      <Execution id="84d6822e-b572-42c9-8dc5-261f5f6c7aef" />
      <TestMethod codeBase="/home/runner/work/apha-cdc-apps/apha-cdc-apps/tests/CDC.Web.Tests/bin/Release/net10.0/CDC.Web.Tests.dll" adapterTypeName="executor://xunit/VsTestRunner3/netcore/" className="CDC.Web.Tests.Integration.LandingPageSmokeTests" name="LandingRoutes_ReturnSuccess" />
    </UnitTest>
    <UnitTest name="CDC.Web.Tests.Integration.LandingPageSmokeTests.LandingRoutes_ReturnSuccess(url: &quot;/UserAdmin/ExternalUsers&quot;)" storage="/home/runner/work/apha-cdc-apps/apha-cdc-apps/tests/cdc.web.tests/bin/release/net10.0/cdc.web.tests.dll" id="2e31aa4f-3ad9-6e74-ed5f-fc0394bbd175">
      <Execution id="36b1350e-61d6-4732-ad0f-4cfaa921fbba" />
      <TestMethod codeBase="/home/runner/work/apha-cdc-apps/apha-cdc-apps/tests/CDC.Web.Tests/bin/Release/net10.0/CDC.Web.Tests.dll" adapterTypeName="executor://xunit/VsTestRunner3/netcore/" className="CDC.Web.Tests.Integration.LandingPageSmokeTests" name="LandingRoutes_ReturnSuccess" />
    </UnitTest>
  </TestDefinitions>
  <TestEntries>
    <TestEntry testId="77434d12-60cd-86b7-7b57-43b61947e2db" executionId="d7b5ac63-fdf8-48b0-ae93-6ebb48fd7c79" testListId="8c84fa94-04c1-424b-9868-57a2d4851a1d" />
    <TestEntry testId="ebada91d-17e5-fe78-8007-b1845892f400" executionId="3cfe86a5-9790-45a2-b4b2-e0587a15c513" testListId="8c84fa94-04c1-424b-9868-57a2d4851a1d" />
    <TestEntry testId="963ea730-df29-f0b2-5e85-d45655200f03" executionId="73bc1103-008a-4585-8b3f-b34cb48145f1" testListId="8c84fa94-04c1-424b-9868-57a2d4851a1d" />
    <TestEntry testId="992fd9ae-6042-0338-c379-0de6eaf25f19" executionId="fd80354f-85a7-44cb-8e62-4b9eca8ccca8" testListId="8c84fa94-04c1-424b-9868-57a2d4851a1d" />
    <TestEntry testId="f07f58a9-73d1-fff7-6220-e267a1d454db" executionId="73f8078b-510a-4269-b082-cb769d86364c" testListId="8c84fa94-04c1-424b-9868-57a2d4851a1d" />
    <TestEntry testId="9b98a749-5440-9068-ce07-050fe4b0d5f6" executionId="c86e7fa0-e813-48e1-b153-02843c77bfad" testListId="8c84fa94-04c1-424b-9868-57a2d4851a1d" />
    <TestEntry testId="1b9251a8-b907-e4a7-0835-41b9401f7bea" executionId="c21704ce-5586-4634-be73-a061f5cd295a" testListId="8c84fa94-04c1-424b-9868-57a2d4851a1d" />
    <TestEntry testId="33080e78-3a65-4eed-a0f0-f8cb7f26f541" executionId="cfc26cab-7cec-4055-8817-74268e106ad8" testListId="8c84fa94-04c1-424b-9868-57a2d4851a1d" />
    <TestEntry testId="24a50f14-9fc3-f87f-b5d7-c9df6d0c35b9" executionId="0ec18890-faaf-4b77-95af-e18ac5dac0ec" testListId="8c84fa94-04c1-424b-9868-57a2d4851a1d" />
    <TestEntry testId="2e31aa4f-3ad9-6e74-ed5f-fc0394bbd175" executionId="36b1350e-61d6-4732-ad0f-4cfaa921fbba" testListId="8c84fa94-04c1-424b-9868-57a2d4851a1d" />
    <TestEntry testId="8989d862-ce63-94da-623e-a9108b92ea52" executionId="8e37d270-9861-4e3e-b117-1d30e9c320f7" testListId="8c84fa94-04c1-424b-9868-57a2d4851a1d" />
    <TestEntry testId="fded4754-915f-de6a-a743-50651adb4fff" executionId="b4d3ad6a-5f23-46d6-b5b4-18b0e97c99d5" testListId="8c84fa94-04c1-424b-9868-57a2d4851a1d" />
    <TestEntry testId="4ede66a9-6ab1-ced2-4f71-96c1d53023e5" executionId="37c1f7d4-ad02-499b-92ca-0da82375b7fa" testListId="8c84fa94-04c1-424b-9868-57a2d4851a1d" />
    <TestEntry testId="495f2ed3-c34d-135d-1574-8b3b9223af2a" executionId="79b9ddad-8f5f-468f-b492-8500cbefa2ec" testListId="8c84fa94-04c1-424b-9868-57a2d4851a1d" />
    <TestEntry testId="28194c24-321e-3a22-e1bf-e3cee8dca507" executionId="e99e55f3-0359-4a2c-8a2f-f3d27fd704ae" testListId="8c84fa94-04c1-424b-9868-57a2d4851a1d" />
    <TestEntry testId="b303f2c8-cfa8-d64f-453d-809eb182bc14" executionId="a840cb65-6721-48a9-abc7-1204d6ab6388" testListId="8c84fa94-04c1-424b-9868-57a2d4851a1d" />
    <TestEntry testId="e3099151-d4bd-cbc2-742d-21660672eca3" executionId="fbccb395-e17f-41b3-be85-68eb58fc7f25" testListId="8c84fa94-04c1-424b-9868-57a2d4851a1d" />
    <TestEntry testId="e8a59e3e-c5d8-2f5a-84fd-709e5e5562b6" executionId="b327d644-5cdc-4399-b6d1-801f8eb4e126" testListId="8c84fa94-04c1-424b-9868-57a2d4851a1d" />
    <TestEntry testId="22409a92-efc4-9667-85b3-d9d5e3d870f6" executionId="3ef0d7b4-fffb-4a07-8c58-f890ca8a200d" testListId="8c84fa94-04c1-424b-9868-57a2d4851a1d" />
    <TestEntry testId="0eeda465-7b4d-671a-2744-fe2618cf8b22" executionId="84d6822e-b572-42c9-8dc5-261f5f6c7aef" testListId="8c84fa94-04c1-424b-9868-57a2d4851a1d" />
    <TestEntry testId="d7834679-6d63-cbe9-649f-1e02c13d28b4" executionId="046c395a-910b-4e68-a10b-2c245dbace34" testListId="8c84fa94-04c1-424b-9868-57a2d4851a1d" />
    <TestEntry testId="5b640634-334f-4a80-a26b-0b2c97cbd690" executionId="7cb63138-9e34-42e3-850e-9e7188c5a300" testListId="8c84fa94-04c1-424b-9868-57a2d4851a1d" />
    <TestEntry testId="686ba57f-14e1-2bf6-261f-e9c1f463dbd6" executionId="91fe4893-4e68-45d3-98be-bb6cb5be79fb" testListId="8c84fa94-04c1-424b-9868-57a2d4851a1d" />
    <TestEntry testId="d4f727ec-bdea-40ab-3120-614109ea9ad7" executionId="3de24d70-0fbf-49c1-8bcf-6919046de233" testListId="8c84fa94-04c1-424b-9868-57a2d4851a1d" />
    <TestEntry testId="f5684538-2fc2-a941-9abb-341f82687afb" executionId="9cdaaa29-c562-42b6-a844-0bbded5036ca" testListId="8c84fa94-04c1-424b-9868-57a2d4851a1d" />
    <TestEntry testId="4cc52402-232d-7340-9327-f2a9fc69a408" executionId="a5216e08-772e-4de2-a08e-434b0abff9af" testListId="8c84fa94-04c1-424b-9868-57a2d4851a1d" />
    <TestEntry testId="6f006be2-a10b-9d0d-baf8-5bf50917007a" executionId="b29a0220-597b-417e-a10a-548c130129b8" testListId="8c84fa94-04c1-424b-9868-57a2d4851a1d" />
    <TestEntry testId="87cae8be-a371-c26e-e6b5-6eea2cb15ba7" executionId="b86efddb-90b8-4507-96bf-2157bb41941a" testListId="8c84fa94-04c1-424b-9868-57a2d4851a1d" />
    <TestEntry testId="98bfd9ae-6e37-fef2-5c7b-910be583f056" executionId="8a236c5f-3aae-45de-9944-47634fcda981" testListId="8c84fa94-04c1-424b-9868-57a2d4851a1d" />
    <TestEntry testId="912e1e73-edf9-028c-368b-400f9dc301fd" executionId="6e5dbc15-5b59-4bad-9333-939b5e0b8f77" testListId="8c84fa94-04c1-424b-9868-57a2d4851a1d" />
    <TestEntry testId="1e4700af-8d7a-7b61-29b2-9608673675fd" executionId="56f4181c-507b-4b8e-a1e1-3b79bfc3e089" testListId="8c84fa94-04c1-424b-9868-57a2d4851a1d" />
    <TestEntry testId="dfcbcad6-8774-d8ec-a5cb-a874819cb19f" executionId="8e2c1101-ef01-4f11-8296-9da3e959d306" testListId="8c84fa94-04c1-424b-9868-57a2d4851a1d" />
  </TestEntries>
  <TestLists>
    <TestList name="Results Not in a List" id="8c84fa94-04c1-424b-9868-57a2d4851a1d" />
    <TestList name="All Loaded Results" id="19431567-8539-422a-85d7-44ee4e166bda" />
  </TestLists>
  <ResultSummary outcome="Completed">
    <Counters total="32" executed="32" passed="32" failed="0" error="0" timeout="0" aborted="0" inconclusive="0" passedButRunAborted="0" notRunnable="0" notExecuted="0" disconnected="0" warning="0" completed="0" inProgress="0" pending="0" />
    <Output>
      <StdOut>[xUnit.net 00:00:00.00] xUnit.net VSTest Adapter v3.1.4+50e68bbb8b (64-bit .NET 10.0.11)
[xUnit.net 00:00:00.06]   Discovering: CDC.Web.Tests
[xUnit.net 00:00:00.10]   Discovered:  CDC.Web.Tests
[xUnit.net 00:00:00.13]   Starting:    CDC.Web.Tests
info: Microsoft.Hosting.Lifetime[0]
      Application started. Press Ctrl+C to shut down.
info: Microsoft.Hosting.Lifetime[0]
      Hosting environment: Development
info: Microsoft.Hosting.Lifetime[0]
      Content root path: /home/runner/work/apha-cdc-apps/apha-cdc-apps/src/CDC.Web
info: Microsoft.Hosting.Lifetime[0]
      Application started. Press Ctrl+C to shut down.
info: Microsoft.Hosting.Lifetime[0]
      Hosting environment: Development
info: Microsoft.Hosting.Lifetime[0]
      Content root path: /home/runner/work/apha-cdc-apps/apha-cdc-apps/src/CDC.Web
info: Microsoft.Hosting.Lifetime[0]
      Application is shutting down...
info: Microsoft.Hosting.Lifetime[0]
      Application is shutting down...
[xUnit.net 00:00:01.11]   Finished:    CDC.Web.Tests
</StdOut>
    </Output>
  </ResultSummary>
</TestRun>